// Jest Snapshot v1, https://goo.gl/fbAQLP

exports[`App component renders App 1`] = `
<Fragment>
  <Deck
    characters={
      Array [
        Object {
          "_id": "5da237699734fdcb7bef8f51",
          "image": "https://vignette.wikia.nocookie.net/heyarnold/images/f/f5/Arnold.png/revision/latest?cb=20181027162333",
          "name": "Arnold Shortman",
        },
        Object {
          "_id": "5da237699734fdcb7bef8f53",
          "image": "https://vignette.wikia.nocookie.net/heyarnold/images/7/7b/DB87AC2A-C2C2-4DAB-AECF-B9F7273C746B.png/revision/latest/scale-to-width-down/306?cb=20190816101257",
          "name": "Grandma Gertie",
        },
        Object {
          "_id": "5da237699734fdcb7bef8f52",
          "image": "https://vignette.wikia.nocookie.net/heyarnold/images/7/79/GrandpaPhil.png/revision/latest/scale-to-width-down/300?cb=20160924030436",
          "name": "Grandpa Phil",
        },
        Object {
          "_id": "5da237699734fdcb7bef8f56",
          "image": "https://vignette.wikia.nocookie.net/heyarnold/images/2/2e/Miles.jpg/revision/latest/scale-to-width-down/243?cb=20101115140639",
          "name": "Miles Shortman",
        },
        Object {
          "_id": "5da237699734fdcb7bef8f54",
          "image": "https://vignette.wikia.nocookie.net/heyarnold/images/d/d9/Mitzi.png/revision/latest/scale-to-width-down/310?cb=20171212070331",
          "name": "Mitzi",
        },
        Object {
          "_id": "5da237699734fdcb7bef8f55",
          "image": "https://vignette.wikia.nocookie.net/heyarnold/images/4/42/Arnie.jpg/revision/latest/scale-to-width-down/310?cb=20110109195825",
          "name": "Arnie",
        },
        Object {
          "_id": "5da237699734fdcb7bef8f57",
          "image": "https://vignette.wikia.nocookie.net/heyarnold/images/f/fa/Stella.jpg/revision/latest?cb=20101225143956",
          "name": "Stella Shortman",
        },
        Object {
          "_id": "5da237699734fdcb7bef8f59",
          "image": "https://vignette.wikia.nocookie.net/heyarnold/images/f/f7/Grandpa%27s_grandfather.png/revision/latest/scale-to-width-down/310?cb=20190228081015",
          "name": "Grandpa's grandfather",
        },
        Object {
          "_id": "5da237699734fdcb7bef8f5a",
          "image": "https://vignette.wikia.nocookie.net/heyarnold/images/c/c5/Oskar_Kokoshka.png/revision/latest/scale-to-width-down/310?cb=20180707032418",
          "name": "Oskar Kokoshka",
        },
        Object {
          "_id": "5da237699734fdcb7bef8f58",
          "image": "https://vignette.wikia.nocookie.net/heyarnold/images/e/e0/Grandpa%27s_father.png/revision/latest/scale-to-width-down/310?cb=20190228081112",
          "name": "Grandpa's father",
        },
        Object {
          "_id": "5da237699734fdcb7bef8f5c",
          "image": "https://vignette.wikia.nocookie.net/heyarnold/images/6/62/Nancy.jpg/revision/latest/scale-to-width-down/310?cb=20110423055923",
          "name": "Nancy",
        },
        Object {
          "_id": "5da237699734fdcb7bef8f5b",
          "image": "https://vignette.wikia.nocookie.net/heyarnold/images/f/fe/Suzie.jpg/revision/latest/scale-to-width-down/310?cb=20110223003447",
          "name": "Suzie Kokoshka",
        },
        Object {
          "_id": "5da237699734fdcb7bef8f5e",
          "image": "https://vignette.wikia.nocookie.net/heyarnold/images/6/60/Mr._Hyunh.png/revision/latest/scale-to-width-down/310?cb=20180707031441",
          "name": "Mr. Hyunh",
        },
        Object {
          "_id": "5da237699734fdcb7bef8f61",
          "image": "https://vignette.wikia.nocookie.net/heyarnold/images/e/e8/762C69BE-23BA-48BA-9B14-6AF3246FCD3F.jpeg/revision/latest/scale-to-width-down/304?cb=20190106211607",
          "name": "Lana Vail",
        },
        Object {
          "_id": "5da237699734fdcb7bef8f60",
          "image": "https://vignette.wikia.nocookie.net/heyarnold/images/8/80/Mr._Smith.jpg/revision/latest?cb=20110206233402",
          "name": "Mr. Smith",
        },
        Object {
          "_id": "5da237699734fdcb7bef8f62",
          "image": "https://vignette.wikia.nocookie.net/heyarnold/images/9/9c/Mr._Purdy_%28character%29.jpeg/revision/latest?cb=20190125214742",
          "name": "Mr. Purdy (character)",
        },
        Object {
          "_id": "5da237699734fdcb7bef8f66",
          "image": "https://vignette.wikia.nocookie.net/heyarnold/images/5/5e/Olga_Pataki.png/revision/latest/scale-to-width-down/310?cb=20180124053913",
          "name": "Olga Pataki",
        },
        Object {
          "_id": "5da237699734fdcb7bef8f65",
          "image": "https://vignette.wikia.nocookie.net/heyarnold/images/6/6a/Miriam_Pataki.png/revision/latest/scale-to-width-down/310?cb=20170622020421",
          "name": "Miriam Pataki",
        },
        Object {
          "_id": "5da237699734fdcb7bef8f6b",
          "image": "https://vignette.wikia.nocookie.net/heyarnold/images/e/e8/Timberly.png/revision/latest/scale-to-width-down/310?cb=20171210045406",
          "name": "Timberly Johanssen",
        },
        Object {
          "_id": "5da237699734fdcb7bef8f67",
          "image": "https://vignette.wikia.nocookie.net/heyarnold/images/9/9c/GeraldShow.png/revision/latest/scale-to-width-down/310?cb=20181027162223",
          "name": "Gerald Johanssen",
        },
      ]
    }
  />
  <section>
    <div
      key="5da23754845fd2cb76d59ef2"
    >
      <header>
        <h3>
          5da23754845fd2cb76d59ef2
        </h3>
      </header>
      <figure>
        <img
          alt="5da23754845fd2cb76d59ef2"
          src="https://media.tenor.com/images/e7623921965651fa6fba7e0c37892044/tenor.gif"
        />
      </figure>
    </div>
    <div
      key="5da23754845fd2cb76d59efc"
    >
      <header>
        <h3>
          5da23754845fd2cb76d59efc
        </h3>
      </header>
      <figure>
        <img
          alt="5da23754845fd2cb76d59efc"
          src="https://media.tenor.com/images/16f7138b0b2a94c37411622edba9e2fc/tenor.gif"
        />
      </figure>
    </div>
    <div
      key="5da23754845fd2cb76d59ef6"
    >
      <header>
        <h3>
          5da23754845fd2cb76d59ef6
        </h3>
      </header>
      <figure>
        <img
          alt="5da23754845fd2cb76d59ef6"
          src="https://media.tenor.com/images/fc08722ef63d4454822df23a48755860/tenor.gif"
        />
      </figure>
    </div>
    <div
      key="5da23754845fd2cb76d59eee"
    >
      <header>
        <h3>
          5da23754845fd2cb76d59eee
        </h3>
      </header>
      <figure>
        <img
          alt="5da23754845fd2cb76d59eee"
          src="https://media.tenor.com/images/ea128fb2a558c469bc7a58a1b2c5fc0e/tenor.gif"
        />
      </figure>
    </div>
    <div
      key="5da23754845fd2cb76d59f0d"
    >
      <header>
        <h3>
          5da23754845fd2cb76d59f0d
        </h3>
      </header>
      <figure>
        <img
          alt="5da23754845fd2cb76d59f0d"
          src="https://media.tenor.com/images/a33b7aead12bb93d93fb5f24f6b706b1/tenor.gif"
        />
      </figure>
    </div>
    <div
      key="5da23754845fd2cb76d59f0c"
    >
      <header>
        <h3>
          5da23754845fd2cb76d59f0c
        </h3>
      </header>
      <figure>
        <img
          alt="5da23754845fd2cb76d59f0c"
          src="https://media.tenor.com/images/af16c045741781e6d668e1db7f983b18/tenor.gif"
        />
      </figure>
    </div>
    <div
      key="5da23754845fd2cb76d59f0f"
    >
      <header>
        <h3>
          5da23754845fd2cb76d59f0f
        </h3>
      </header>
      <figure>
        <img
          alt="5da23754845fd2cb76d59f0f"
          src="https://media.tenor.com/images/c033f66256e7433a21251622b9553494/tenor.gif"
        />
      </figure>
    </div>
    <div
      key="5da23754845fd2cb76d59f07"
    >
      <header>
        <h3>
          5da23754845fd2cb76d59f07
        </h3>
      </header>
      <figure>
        <img
          alt="5da23754845fd2cb76d59f07"
          src="https://media.tenor.com/images/737f7e151678f7365954f0c4cbecbe9e/tenor.gif"
        />
      </figure>
    </div>
    <div
      key="5da23754845fd2cb76d59f0b"
    >
      <header>
        <h3>
          5da23754845fd2cb76d59f0b
        </h3>
      </header>
      <figure>
        <img
          alt="5da23754845fd2cb76d59f0b"
          src="https://media.tenor.com/images/8f6432a3fae8f961b38c107fb46f6722/tenor.gif"
        />
      </figure>
    </div>
    <div
      key="5da23754845fd2cb76d59ef1"
    >
      <header>
        <h3>
          5da23754845fd2cb76d59ef1
        </h3>
      </header>
      <figure>
        <img
          alt="5da23754845fd2cb76d59ef1"
          src="https://media.tenor.com/images/3a66546a8abdb45084626a0f372cc5dd/tenor.gif"
        />
      </figure>
    </div>
  </section>
</Fragment>
`;
