// Jest Snapshot v1, https://goo.gl/fbAQLP

exports[`Card component renders Card 1`] = `
<div>
  <header>
    <h3>
      Arnold Shortman
    </h3>
  </header>
  <figure>
    <img
      alt="Arnold Shortman"
      src="https://vignette.wikia.nocookie.net/heyarnold/images/f/f5/Arnold.png/revision/latest?cb=20181027162333"
    />
  </figure>
</div>
`;
